
This program is part of the OpenMP Source Code Repository (OmpSCR)

Program:       /home/yg31/working-dir/romp/tests/OmpSCR_v2.0/bin/c_jacobi02.par
Description:   Jacobi Solver v1

Argument Grid dimension: X dir = 100
Argument Grid dimension: Y dir = 100
Argument Helmhotlz constant = 0.8
Argument Successive over-relaxation parameter = 1
Argument error tolerance for iterative solver = 1e-07
Argument Maximum iterations for solver = 100
Argument NUMTHREADS 72

Running ...

-> 100, 100, 0.8, 1, 1e-07, 100
Total Number of Iteratuons 101
Residual                   0.000004031719788
 elapsed time :     0.106490
 MFlops       :      117.243 (100, 100, 100, 0.10649)
Solution Error : 0.00486758
Timer Total_time     0.106490

Memory Usage: 25420 Time: 0:00.11
