Imposible to open graph file: exampleGraph_01.gph

This program is part of the OpenMP Source Code Repository (OmpSCR)

Program:       /home/yg31/working-dir/romp/tests/OmpSCR_v2.0/bin/c_testPath.par
Description:   Check if there is a path on a directed graph.

Argument source_node_num 1
Argument target_node_num 29
Argument graph_file exampleGraph_01.gph
Argument NUMTHREADS 72

Running ...

Memory Usage: 2632 Time: 0:00.00
