
This program is part of the OpenMP Source Code Repository (OmpSCR)

Program:       /home/yg31/working-dir/romp/tests/OmpSCR_v2.0/bin/cpp_qsomp1.par
Description:   QuickSort

Argument Number of integer to sort: 10000
Argument Number of threads: 72
Argument SwitchThresh: 100
Argument NUMTHREADS 72

Running ...


Success, wall-clock time: 0.026547

0.: gSW: 5
1.: gSW: 9
2.: gSW: 6
3.: gSW: 2
4.: gSW: 2
5.: gSW: 2
6.: gSW: 0
7.: gSW: 0
8.: gSW: 3
9.: gSW: 3
10.: gSW: 6
11.: gSW: 5
12.: gSW: 4
13.: gSW: 4
14.: gSW: 6
15.: gSW: 3
16.: gSW: 0
17.: gSW: 2
18.: gSW: 1
19.: gSW: 3
20.: gSW: 6
21.: gSW: 4
22.: gSW: 4
23.: gSW: 3
24.: gSW: 4
25.: gSW: 4
26.: gSW: 2
27.: gSW: 0
28.: gSW: 3
29.: gSW: 0
30.: gSW: 2
31.: gSW: 0
32.: gSW: 1
33.: gSW: 0
34.: gSW: 3
35.: gSW: 1
36.: gSW: 6
37.: gSW: 2
38.: gSW: 5
39.: gSW: 1
40.: gSW: 3
41.: gSW: 7
42.: gSW: 3
43.: gSW: 5
44.: gSW: 4
45.: gSW: 1
46.: gSW: 3
47.: gSW: 3
48.: gSW: 2
49.: gSW: 3
50.: gSW: 0
51.: gSW: 4
52.: gSW: 2
53.: gSW: 3
54.: gSW: 5
55.: gSW: 0
56.: gSW: 0
57.: gSW: 5
58.: gSW: 0
59.: gSW: 0
60.: gSW: 0
61.: gSW: 4
62.: gSW: 1
63.: gSW: 0
64.: gSW: 3
65.: gSW: 1
66.: gSW: 6
67.: gSW: 0
68.: gSW: 3
69.: gSW: 4
70.: gSW: 4
71.: gSW: 6

Total: gSW: 202

Timer Total_time     0.026547

Memory Usage: 22852 Time: 0:00.03
