
This program is part of the OpenMP Source Code Repository (OmpSCR)

Program:       /home/yg31/working-dir/romp/tests/OmpSCR_v2.0/bin/cpp_qsomp1.par
Description:   QuickSort

Argument Number of integer to sort: 100000
Argument Number of threads: 72
Argument SwitchThresh: 10000
Argument NUMTHREADS 72

Running ...


Success, wall-clock time: 0.186542

0.: gSW: 3
1.: gSW: 0
2.: gSW: 1
3.: gSW: 0
4.: gSW: 0
5.: gSW: 0
6.: gSW: 0
7.: gSW: 0
8.: gSW: 0
9.: gSW: 0
10.: gSW: 0
11.: gSW: 0
12.: gSW: 0
13.: gSW: 0
14.: gSW: 2
15.: gSW: 0
16.: gSW: 0
17.: gSW: 0
18.: gSW: 0
19.: gSW: 2
20.: gSW: 0
21.: gSW: 0
22.: gSW: 0
23.: gSW: 0
24.: gSW: 0
25.: gSW: 0
26.: gSW: 0
27.: gSW: 0
28.: gSW: 0
29.: gSW: 0
30.: gSW: 0
31.: gSW: 0
32.: gSW: 0
33.: gSW: 4
34.: gSW: 0
35.: gSW: 0
36.: gSW: 0
37.: gSW: 0
38.: gSW: 2
39.: gSW: 0
40.: gSW: 0
41.: gSW: 0
42.: gSW: 1
43.: gSW: 0
44.: gSW: 0
45.: gSW: 0
46.: gSW: 0
47.: gSW: 0
48.: gSW: 0
49.: gSW: 0
50.: gSW: 0
51.: gSW: 0
52.: gSW: 0
53.: gSW: 3
54.: gSW: 0
55.: gSW: 0
56.: gSW: 0
57.: gSW: 0
58.: gSW: 0
59.: gSW: 0
60.: gSW: 0
61.: gSW: 0
62.: gSW: 0
63.: gSW: 0
64.: gSW: 2
65.: gSW: 0
66.: gSW: 0
67.: gSW: 0
68.: gSW: 0
69.: gSW: 0
70.: gSW: 0
71.: gSW: 2

Total: gSW: 22

Timer Total_time     0.186542

Memory Usage: 23224 Time: 0:00.19
