WARNING: Logging before InitGoogleLogging() is written to STDERR
I0417 08:34:07.804469  8073 RompLib.cpp:126] ompt_start_tool on executable: /home/yg31/working-dir/romp/tests/OmpSCR_v2.0/bin/cpp_qsomp7.par.inst
I0417 08:34:07.807770  8073 Initialize.h:51] start initializing ompt
I0417 08:34:07.807792  8073 Initialize.h:89] ompt intialized
I0417 08:34:11.395346  8073 Initialize.h:94] finalizing ompt
I0417 08:34:11.395375  8073 Initialize.h:96] data race found:
&myVec: 0x7ffdebf56450
registering callback: 'ompt_callback_mutex_acquired'
registering callback: 'ompt_callback_mutex_released'
registering callback: 'ompt_callback_reduction'
registering callback: 'ompt_callback_implicit_task'
registering callback: 'ompt_callback_sync_region'
registering callback: 'ompt_callback_work'
registering callback: 'ompt_callback_parallel_begin'
registering callback: 'ompt_callback_parallel_end'
registering callback: 'ompt_callback_task_create'
registering callback: 'ompt_callback_task_schedule'
registering callback: 'ompt_callback_dependences'
registering callback: 'ompt_callback_thread_begin'
registering callback: 'ompt_callback_thread_end'
registering callback: 'ompt_callback_dispatch'

This program is part of the OpenMP Source Code Repository (OmpSCR)

Program:       /home/yg31/working-dir/romp/tests/OmpSCR_v2.0/bin/cpp_qsomp7.par.inst
Description:   QuickSort

Argument Number of integer to sort: 10000
Argument Number of threads: 72
Argument SwitchThresh: 100
Argument NUMTHREADS 72

Running ...

vector buffer: 0xa28ac0

Success, wall-clock time: 3.57326

Timer Total_time     3.573260

Memory Usage: 125000 Time: 0:03.61
