WARNING: Logging before InitGoogleLogging() is written to STDERR
I0423 15:12:55.198235 25857 RompLib.cpp:107] ompt_start_tool on executable: /home/yg31/Quicksilver/src/qs.inst
I0423 15:12:55.212687 25857 Initialize.h:51] start initializing ompt
I0423 15:12:55.212708 25857 Initialize.h:89] ompt intialized
Copyright (c) 2016
Lawrence Livermore National Security, LLC
All Rights Reserved
Quicksilver Version     : 2020-Jul-2-17:30:57
Quicksilver Git Hash    : 320d271cf68dafd92667cad08531a1caa744a834
MPI Version             : 3.0
Number of MPI ranks     : 1
registering callback: 'ompt_callback_mutex_acquired'
registering callback: 'ompt_callback_mutex_released'
registering callback: 'ompt_callback_reduction'
registering callback: 'ompt_callback_implicit_task'
registering callback: 'ompt_callback_sync_region'
registering callback: 'ompt_callback_work'
registering callback: 'ompt_callback_parallel_begin'
registering callback: 'ompt_callback_parallel_end'
registering callback: 'ompt_callback_task_create'
registering callback: 'ompt_callback_task_schedule'
registering callback: 'ompt_callback_dependences'
registering callback: 'ompt_callback_thread_begin'
registering callback: 'ompt_callback_thread_end'
registering callback: 'ompt_callback_dispatch'
Number of OpenMP Threads: 8
Number of OpenMP CPUs   : 72

Simulation:
   dt: 1e-08
   fMax: 0.1
   inputFile: 
   energySpectrum: 
   boundaryCondition: reflect
   loadBalance: 0
   cycleTimers: 0
   debugThreads: 0
   lx: 100
   ly: 100
   lz: 100
   nParticles: 10000
   batchSize: 0
   nBatches: 10
   nSteps: 2
   nx: 10
   ny: 10
   nz: 10
   seed: 1029384756
   xDom: 0
   yDom: 0
   zDom: 0
   eMax: 20
   eMin: 1e-09
   nGroups: 230
   lowWeightCutoff: 0.001
   bTally: 1
   fTally: 1
   cTally: 1
   coralBenchmark: 0
   crossSectionsOut:

Geometry:
   material: sourceMaterial
   shape: brick
   xMax: 100
   xMin: 0
   yMax: 100
   yMin: 0
   zMax: 100
   zMin: 0

Material:
   name: sourceMaterial
   mass: 1000
   nIsotopes: 10
   nReactions: 9
   sourceRate: 1e+10
   totalCrossSection: 1
   absorptionCrossSection: flat
   fissionCrossSection: flat
   scatteringCrossSection: flat
   absorptionCrossSectionRatio: 1
   fissionCrossSectionRatio: 0.1
   scatteringCrossSectionRatio: 1

CrossSection:
   name: flat
   A: 0
   B: 0
   C: 0
   D: 0
   E: 1
   nuBar: 2.4
Building partition 0
Building partition 1
Building partition 2
Building partition 3
done building
Building MC_Domain 0
Building MC_Domain 1
Building MC_Domain 2
Building MC_Domain 3
Starting Consistency Check
Finished Consistency Check
Finished initMesh
cycle           start       source           rr        split       absorb      scatter      fission      produce      collisn       escape       census      num_seg   scalar_flux      cycleInit  cycleTracking  cycleFinalize
       0            0         1000            0         9000        11668        11538         1194         2879        24400            0           17        27863  2.471474e+08   7.199600e-02   8.321818e+00   3.500000e-05
       1           17         1000            0         8968        11456        11528         1105         2648        24089            0           72        27821  2.364563e+08   8.021700e-02   7.185051e+00   5.300000e-05
I0423 15:13:11.475005 25857 Initialize.h:94] finalizing ompt
I0423 15:13:11.475028 25857 Initialize.h:96] data race found:

Timer                       Cumulative   Cumulative   Cumulative   Cumulative   Cumulative   Cumulative
Name                            number    microSecs    microSecs    microSecs    microSecs   Efficiency
                              of calls          min          avg          max       stddev       Rating
main                                 1    1.573e+07    1.573e+07    1.573e+07    0.000e+00       100.00
cycleInit                            2    1.522e+05    1.522e+05    1.522e+05    0.000e+00       100.00
cycleTracking                        2    1.551e+07    1.551e+07    1.551e+07    0.000e+00       100.00
cycleTracking_Kernel               150    1.549e+07    1.549e+07    1.549e+07    0.000e+00       100.00
cycleTracking_MPI                  165    1.682e+04    1.682e+04    1.682e+04    0.000e+00       100.00
cycleTracking_Test_Done              0    0.000e+00    0.000e+00    0.000e+00    0.000e+00         0.00
cycleFinalize                        4    7.700e+02    7.700e+02    7.700e+02    0.000e+00       100.00
Figure Of Merit              3.591e+03 [Num Segments / Cycle Tracking Time]
Memory Usage: 8252044 Time: 0:16.37
