

 NAS Parallel Benchmarks (NPB3.4-OMP) - BT Benchmark

 No input file inputbt.data. Using compiled defaults
 Size:   12x  12x  12
 Iterations:   60       dt:   0.0100000
 Number of available threads:    72

 Time step    1
 Time step   20
 Time step   40
 Time step   60
 Verification being performed for class S
 accuracy setting for epsilon =  0.1000000000000E-07
 Comparison of RMS-norms of residual
           1 0.1703428370954E+00 0.1703428370954E+00 0.7185631667997E-13
           2 0.1297525207003E-01 0.1297525207003E-01 0.3680617304070E-12
           3 0.3252792698948E-01 0.3252792698949E-01 0.1277793524864E-12
           4 0.2643642127515E-01 0.2643642127517E-01 0.8077661407724E-12
           5 0.1921178413175E+00 0.1921178413174E+00 0.1350809639680E-12
 Comparison of RMS-norms of solution error
           1 0.4997691334580E-03 0.4997691334581E-03 0.1956804240420E-12
           2 0.4519566678297E-04 0.4519566678296E-04 0.2419897789642E-12
           3 0.7397376517297E-04 0.7397376517292E-04 0.6071486950843E-12
           4 0.7382123863238E-04 0.7382123863244E-04 0.8375181727013E-12
           5 0.8926963098749E-03 0.8926963098749E-03 0.3546413610807E-13
 Verification Successful


 BT Benchmark Completed.
 Class           =                        S
 Size            =             12x  12x  12
 Iterations      =                       60
 Time in seconds =                     0.04
 Total threads   =                       72
 Avail threads   =                       72
 Mop/s total     =                  5340.06
 Mop/s/thread    =                    74.17
 Operation type  =           floating point
 Verification    =               SUCCESSFUL
 Version         =                    3.4.2
 Compile date    =              18 Apr 2022

 Compile options:
    FC           = gfortran
    FLINK        = $(FC)
    F_LIB        = (none)
    F_INC        = (none)
    FFLAGS       = -O3 -fopenmp
    FLINKFLAGS   = $(FFLAGS)
    RAND         = (none)


 Please send all errors/feedbacks to:

 NPB Development Team
 npb@nas.nasa.gov


Memory Usage: 25016 Time: 0:00.07
