WARNING: Logging before InitGoogleLogging() is written to STDERR
I0418 05:54:01.897897 60354 RompLib.cpp:126] ompt_start_tool on executable: /home/yg31/working-dir/NPB3.4.2/NPB3.4-OMP/bin/ua.S.x.inst
I0418 05:54:01.902721 60354 Initialize.h:51] start initializing ompt
I0418 05:54:01.902752 60354 Initialize.h:89] ompt intialized
registering callback: 'ompt_callback_mutex_acquired'
registering callback: 'ompt_callback_mutex_released'
registering callback: 'ompt_callback_reduction'
registering callback: 'ompt_callback_implicit_task'
registering callback: 'ompt_callback_sync_region'
registering callback: 'ompt_callback_work'
registering callback: 'ompt_callback_parallel_begin'
registering callback: 'ompt_callback_parallel_end'
registering callback: 'ompt_callback_task_create'
registering callback: 'ompt_callback_task_schedule'
registering callback: 'ompt_callback_dependences'
registering callback: 'ompt_callback_thread_begin'
registering callback: 'ompt_callback_thread_end'
registering callback: 'ompt_callback_dispatch'

Program received signal SIGSEGV: Segmentation fault - invalid memory reference.

Backtrace for this error:
#0  0x7fd4440b93ff in ???
#1  0x9a43f9 in ???
Memory Usage: 182292 Time: 0:04.45
