WARNING: Logging before InitGoogleLogging() is written to STDERR
I0419 08:31:35.175606 20892 RompLib.cpp:107] ompt_start_tool on executable: /home/yg31/working-dir/romp/tests/OmpSCR_v2.0/bin/cpp_qsomp4.par.inst
I0419 08:31:35.178949 20892 Initialize.h:51] start initializing ompt
I0419 08:31:35.178978 20892 Initialize.h:89] ompt intialized
Memory Usage: 720188 Time: 0:51.96
