
This program is part of the OpenMP Source Code Repository (OmpSCR)

Program:       /home/yg31/working-dir/romp/tests/OmpSCR_v2.0/bin/c_jacobi01.par
Description:   Jacobi Solver v1

Argument Grid dimension: X dir = 100
Argument Grid dimension: Y dir = 100
Argument Helmhotlz constant = 0.8
Argument Successive over-relaxation parameter = 1
Argument error tolerance for iterative solver = 1e-07
Argument Maximum iterations for solver = 10
Argument NUMTHREADS 16

Running ...

-> 100, 100, 0.8, 1, 1e-07, 10
Total Number of Iterations 11
Residual                   0.000004591091031

 elapsed time :     0.002904
 MFlops       :      429.931 (10, 100, 100, 0.002904)
Solution Error : 0.00521344
Timer Total_time     0.002904

Memory Usage: 5440 Time: 0:00.01
