WARNING: Logging before InitGoogleLogging() is written to STDERR
I0419 05:45:46.180430 20565 RompLib.cpp:126] ompt_start_tool on executable: /home/yg31/working-dir/romp/tests/OmpSCR_v2.0/bin/c_md.par.inst
I0419 05:45:46.183476 20565 Initialize.h:51] start initializing ompt
I0419 05:45:46.183504 20565 Initialize.h:89] ompt intialized
I0419 05:46:09.978226 20565 Initialize.h:94] finalizing ompt
I0419 05:46:09.978260 20565 Initialize.h:96] data race found:
registering callback: 'ompt_callback_mutex_acquired'
registering callback: 'ompt_callback_mutex_released'
registering callback: 'ompt_callback_reduction'
registering callback: 'ompt_callback_implicit_task'
registering callback: 'ompt_callback_sync_region'
registering callback: 'ompt_callback_work'
registering callback: 'ompt_callback_parallel_begin'
registering callback: 'ompt_callback_parallel_end'
registering callback: 'ompt_callback_task_create'
registering callback: 'ompt_callback_task_schedule'
registering callback: 'ompt_callback_dependences'
registering callback: 'ompt_callback_thread_begin'
registering callback: 'ompt_callback_thread_end'
registering callback: 'ompt_callback_dispatch'

This program is part of the OpenMP Source Code Repository (OmpSCR)

Program:       /home/yg31/working-dir/romp/tests/OmpSCR_v2.0/bin/c_md.par.inst
Description:   Molecular dynamic simulation

Argument Nparts 256
Argument Nsteps 2
Argument NUMTHREADS 16

Running ...

step: 0
step: 1
Timer Total_time    23.787554


 	# THREADS 	TIME (secs.) 
	 16 		     23.787554
Memory Usage: 65588 Time: 0:23.81
