
This program is part of the OpenMP Source Code Repository (OmpSCR)

Program:       /home/yg31/working-dir/romp/tests/OmpSCR_v2.0/bin/c_fft6.par
Description:   Bailey's '6-step' Fast Fourier Transform

Argument Size (a power of 2). 8
Argument No. of iterations 10
Argument NUMTHREADS 8

Running ...

Input values:
=============
N           : 8
ITERS       : 10
NN          : 64
LOGN        : 3
LOGNN       : 6
Memory      : 17.09 Kbytes
Timer Total_time     0.014424
Timer Tpose time     0.000000
Timer Scale time     0.000000
Timer Column FFTs time     0.000000

============================
# THREADS : 8
N         : 8
ITERS     : 10
total TIME: 0.014424 secs.
Memory Usage: 23044 Time: 0:00.02
