WARNING: Logging before InitGoogleLogging() is written to STDERR
I0416 10:21:37.263180 29254 RompLib.cpp:126] ompt_start_tool on executable: /home/yg31/working-dir/romp/tests/OmpSCR_v2.0/bin/c_loopB.badSolution1.par.inst
I0416 10:21:37.265951 29254 Initialize.h:51] start initializing ompt
I0416 10:21:37.265980 29254 Initialize.h:89] ompt intialized
I0416 10:27:09.441025 29254 Initialize.h:94] finalizing ompt
I0416 10:27:09.441071 29254 Initialize.h:96] data race found:
registering callback: 'ompt_callback_mutex_acquired'
registering callback: 'ompt_callback_mutex_released'
registering callback: 'ompt_callback_reduction'
registering callback: 'ompt_callback_implicit_task'
registering callback: 'ompt_callback_sync_region'
registering callback: 'ompt_callback_work'
registering callback: 'ompt_callback_parallel_begin'
registering callback: 'ompt_callback_parallel_end'
registering callback: 'ompt_callback_task_create'
registering callback: 'ompt_callback_task_schedule'
registering callback: 'ompt_callback_dependences'
registering callback: 'ompt_callback_thread_begin'
registering callback: 'ompt_callback_thread_end'
registering callback: 'ompt_callback_dispatch'

This program is part of the OpenMP Source Code Repository (OmpSCR)

Program:       /home/yg31/working-dir/romp/tests/OmpSCR_v2.0/bin/c_loopB.badSolution1.par.inst
Description:   Sinthetic loops experiment.

Argument size 1000
Argument numiter 100
Argument NUMTHREADS 72

Running ...

Timer EXE_TIME   332.164092

Memory Usage: 265948 Time: 5:32.21
