WARNING: Logging before InitGoogleLogging() is written to STDERR
I0420 05:59:46.664321 27297 RompLib.cpp:126] ompt_start_tool on executable: /home/yg31/working-dir/romp/tests/OmpSCR_v2.0/bin/c_jacobi02.par.inst
I0420 05:59:46.667448 27297 Initialize.h:51] start initializing ompt
I0420 05:59:46.667475 27297 Initialize.h:89] ompt intialized
I0420 06:00:04.326306 27297 Initialize.h:94] finalizing ompt
I0420 06:00:04.326346 27297 Initialize.h:103] data race not found
I0420 06:00:04.326354 27297 PerformanceCounters.cpp:43] # Check Access Function Call: 12093636
I0420 06:00:04.326362 27297 PerformanceCounters.cpp:44] # Access History Record Overflow (threshold=8):  3131632
I0420 06:00:04.326370 27297 PerformanceCounters.cpp:45] # Memory Access Instrumentation Call: 1444928
I0420 06:00:04.326375 27297 PerformanceCounters.cpp:46] # Access Control Contention: 2371326
I0420 06:00:04.326380 27297 PerformanceCounters.cpp:47] # Maximum Access Records Number: 72
I0420 06:00:04.326383 27297 PerformanceCounters.cpp:48] # Skip Add Current Record: 802320
I0420 06:00:04.326388 27297 PerformanceCounters.cpp:50] # Average number access records traversed: 19.8254
registering callback: 'ompt_callback_mutex_acquired'
registering callback: 'ompt_callback_mutex_released'
registering callback: 'ompt_callback_reduction'
registering callback: 'ompt_callback_implicit_task'
registering callback: 'ompt_callback_sync_region'
registering callback: 'ompt_callback_work'
registering callback: 'ompt_callback_parallel_begin'
registering callback: 'ompt_callback_parallel_end'
registering callback: 'ompt_callback_task_create'
registering callback: 'ompt_callback_task_schedule'
registering callback: 'ompt_callback_dependences'
registering callback: 'ompt_callback_thread_begin'
registering callback: 'ompt_callback_thread_end'
registering callback: 'ompt_callback_dispatch'

This program is part of the OpenMP Source Code Repository (OmpSCR)

Program:       /home/yg31/working-dir/romp/tests/OmpSCR_v2.0/bin/c_jacobi02.par.inst
Description:   Jacobi Solver v1

Argument Grid dimension: X dir = 100
Argument Grid dimension: Y dir = 100
Argument Helmhotlz constant = 0.8
Argument Successive over-relaxation parameter = 1
Argument error tolerance for iterative solver = 1e-07
Argument Maximum iterations for solver = 10
Argument NUMTHREADS 72

Running ...

-> 100, 100, 0.8, 1, 1e-07, 10
Total Number of Iteratuons 11
Residual                   0.000004591091031
 elapsed time :    17.647406
 MFlops       :    0.0707481 (10, 100, 100, 17.6474)
Solution Error : 0.00521344
Timer Total_time    17.647406

Memory Usage: 168956 Time: 0:17.69
