WARNING: Logging before InitGoogleLogging() is written to STDERR
I0420 05:59:28.687614 27113 RompLib.cpp:126] ompt_start_tool on executable: /home/yg31/working-dir/romp/tests/OmpSCR_v2.0/bin/c_jacobi01.par.inst
I0420 05:59:28.690745 27113 Initialize.h:51] start initializing ompt
I0420 05:59:28.690775 27113 Initialize.h:89] ompt intialized
I0420 05:59:46.576771 27113 Initialize.h:94] finalizing ompt
I0420 05:59:46.576809 27113 Initialize.h:103] data race not found
I0420 05:59:46.576817 27113 PerformanceCounters.cpp:43] # Check Access Function Call: 12149080
I0420 05:59:46.576828 27113 PerformanceCounters.cpp:44] # Access History Record Overflow (threshold=8):  3131632
I0420 05:59:46.576843 27113 PerformanceCounters.cpp:45] # Memory Access Instrumentation Call: 1452620
I0420 05:59:46.576846 27113 PerformanceCounters.cpp:46] # Access Control Contention: 2344200
I0420 05:59:46.576850 27113 PerformanceCounters.cpp:47] # Maximum Access Records Number: 72
I0420 05:59:46.576855 27113 PerformanceCounters.cpp:48] # Skip Add Current Record: 826000
I0420 05:59:46.576859 27113 PerformanceCounters.cpp:50] # Average number access records traversed: 19.7328
registering callback: 'ompt_callback_mutex_acquired'
registering callback: 'ompt_callback_mutex_released'
registering callback: 'ompt_callback_reduction'
registering callback: 'ompt_callback_implicit_task'
registering callback: 'ompt_callback_sync_region'
registering callback: 'ompt_callback_work'
registering callback: 'ompt_callback_parallel_begin'
registering callback: 'ompt_callback_parallel_end'
registering callback: 'ompt_callback_task_create'
registering callback: 'ompt_callback_task_schedule'
registering callback: 'ompt_callback_dependences'
registering callback: 'ompt_callback_thread_begin'
registering callback: 'ompt_callback_thread_end'
registering callback: 'ompt_callback_dispatch'

This program is part of the OpenMP Source Code Repository (OmpSCR)

Program:       /home/yg31/working-dir/romp/tests/OmpSCR_v2.0/bin/c_jacobi01.par.inst
Description:   Jacobi Solver v1

Argument Grid dimension: X dir = 100
Argument Grid dimension: Y dir = 100
Argument Helmhotlz constant = 0.8
Argument Successive over-relaxation parameter = 1
Argument error tolerance for iterative solver = 1e-07
Argument Maximum iterations for solver = 10
Argument NUMTHREADS 72

Running ...

-> 100, 100, 0.8, 1, 1e-07, 10
Total Number of Iterations 11
Residual                   0.000004591091031

 elapsed time :    17.874899
 MFlops       :    0.0698477 (10, 100, 100, 17.8749)
Solution Error : 0.00521344
Timer Total_time    17.874899

Memory Usage: 165924 Time: 0:17.91
