WARNING: Logging before InitGoogleLogging() is written to STDERR
I0420 06:01:01.279703 28923 RompLib.cpp:126] ompt_start_tool on executable: /home/yg31/working-dir/romp/tests/OmpSCR_v2.0/bin/c_md.par.inst
I0420 06:01:01.282980 28923 Initialize.h:51] start initializing ompt
I0420 06:01:01.283006 28923 Initialize.h:89] ompt intialized
I0420 06:02:33.307587 28923 Initialize.h:94] finalizing ompt
I0420 06:02:33.307619 28923 Initialize.h:96] data race found:
I0420 06:02:33.307626 28923 PerformanceCounters.cpp:43] # Check Access Function Call: 58468262
I0420 06:02:33.307636 28923 PerformanceCounters.cpp:44] # Access History Record Overflow (threshold=8):  23558708
I0420 06:02:33.307646 28923 PerformanceCounters.cpp:45] # Memory Access Instrumentation Call: 6827458
I0420 06:02:33.307649 28923 PerformanceCounters.cpp:46] # Access Control Contention: 5577498
I0420 06:02:33.307653 28923 PerformanceCounters.cpp:47] # Maximum Access Records Number: 73
I0420 06:02:33.307657 28923 PerformanceCounters.cpp:48] # Skip Add Current Record: 19286752
I0420 06:02:33.307662 28923 PerformanceCounters.cpp:50] # Average number access records traversed: 28.9834
registering callback: 'ompt_callback_mutex_acquired'
registering callback: 'ompt_callback_mutex_released'
registering callback: 'ompt_callback_reduction'
registering callback: 'ompt_callback_implicit_task'
registering callback: 'ompt_callback_sync_region'
registering callback: 'ompt_callback_work'
registering callback: 'ompt_callback_parallel_begin'
registering callback: 'ompt_callback_parallel_end'
registering callback: 'ompt_callback_task_create'
registering callback: 'ompt_callback_task_schedule'
registering callback: 'ompt_callback_dependences'
registering callback: 'ompt_callback_thread_begin'
registering callback: 'ompt_callback_thread_end'
registering callback: 'ompt_callback_dispatch'

This program is part of the OpenMP Source Code Repository (OmpSCR)

Program:       /home/yg31/working-dir/romp/tests/OmpSCR_v2.0/bin/c_md.par.inst
Description:   Molecular dynamic simulation

Argument Nparts 256
Argument Nsteps 2
Argument NUMTHREADS 72

Running ...

step: 0
step: 1
Timer Total_time    92.015770


 	# THREADS 	TIME (secs.) 
	 72 		     92.015770
Memory Usage: 172660 Time: 1:32.05
