WARNING: Logging before InitGoogleLogging() is written to STDERR
I0419 05:34:38.854710  9126 RompLib.cpp:126] ompt_start_tool on executable: /home/yg31/working-dir/romp/tests/OmpSCR_v2.0/bin/c_mandel.par.inst
I0419 05:34:38.857406  9126 Initialize.h:51] start initializing ompt
I0419 05:34:38.857434  9126 Initialize.h:89] ompt intialized
I0419 05:34:41.684300  9126 Initialize.h:94] finalizing ompt
I0419 05:34:41.684346  9126 Initialize.h:103] data race not found
registering callback: 'ompt_callback_mutex_acquired'
registering callback: 'ompt_callback_mutex_released'
registering callback: 'ompt_callback_reduction'
registering callback: 'ompt_callback_implicit_task'
registering callback: 'ompt_callback_sync_region'
registering callback: 'ompt_callback_work'
registering callback: 'ompt_callback_parallel_begin'
registering callback: 'ompt_callback_parallel_end'
registering callback: 'ompt_callback_task_create'
registering callback: 'ompt_callback_task_schedule'
registering callback: 'ompt_callback_dependences'
registering callback: 'ompt_callback_thread_begin'
registering callback: 'ompt_callback_thread_end'
registering callback: 'ompt_callback_dispatch'

This program is part of the OpenMP Source Code Repository (OmpSCR)

Program:       /home/yg31/working-dir/romp/tests/OmpSCR_v2.0/bin/c_mandel.par.inst
Description:   Mandelbrot set area

Argument Number of points 100000
Argument NUMTHREADS 4

Running ...

Timer Total_time     2.733194


 	# THREADS NPOINTS AREA 			ERROR 		TIME (secs.)
	4 	100000 	  1.490625000000   0.004713770137 	2.733194
Memory Usage: 202432 Time: 0:02.86
