WARNING: Logging before InitGoogleLogging() is written to STDERR
I0417 09:03:37.376677 35247 RompLib.cpp:107] ompt_start_tool on executable: /home/yg31/working-dir/romp/tests/OmpSCR_v2.0/bin/c_fft6.par.inst
I0417 09:03:37.379787 35247 Initialize.h:51] start initializing ompt
I0417 09:03:37.379814 35247 Initialize.h:89] ompt intialized
I0417 09:03:41.759104 35247 Initialize.h:94] finalizing ompt
I0417 09:03:41.759141 35247 Initialize.h:96] data race found:
registering callback: 'ompt_callback_mutex_acquired'
registering callback: 'ompt_callback_mutex_released'
registering callback: 'ompt_callback_reduction'
registering callback: 'ompt_callback_implicit_task'
registering callback: 'ompt_callback_sync_region'
registering callback: 'ompt_callback_work'
registering callback: 'ompt_callback_parallel_begin'
registering callback: 'ompt_callback_parallel_end'
registering callback: 'ompt_callback_task_create'
registering callback: 'ompt_callback_task_schedule'
registering callback: 'ompt_callback_dependences'
registering callback: 'ompt_callback_thread_begin'
registering callback: 'ompt_callback_thread_end'
registering callback: 'ompt_callback_dispatch'

This program is part of the OpenMP Source Code Repository (OmpSCR)

Program:       /home/yg31/working-dir/romp/tests/OmpSCR_v2.0/bin/c_fft6.par.inst
Description:   Bailey's '6-step' Fast Fourier Transform

Argument Size (a power of 2). 8
Argument No. of iterations 10
Argument NUMTHREADS 72

Running ...

Input values:
=============
N           : 8
ITERS       : 10
NN          : 64
LOGN        : 3
LOGNN       : 6
Memory      : 145.09 Kbytes
Timer Total_time     4.307899
Timer Tpose time     0.000000
Timer Scale time     0.000000
Timer Column FFTs time     0.000000

============================
# THREADS : 72
N         : 8
ITERS     : 10
total TIME: 4.307899 secs.
Memory Usage: 3656476 Time: 0:04.52
