
This program is part of the OpenMP Source Code Repository (OmpSCR)

Program:       /home/yg31/working-dir/romp/tests/OmpSCR_v2.0/bin/c_pi.par
Description:   Pi generator

Argument Precision 1000
Argument NUMTHREADS 72

Running ...

Timer Total_time     0.018316


 	# THREADS INTERVAL 	TIME (secs.) 	PI 			ERROR
	 72 	      1000 	      0.018316 	3.14159273692312668302	-8.33333e-08
Memory Usage: 24924 Time: 0:00.03
