
This program is part of the OpenMP Source Code Repository (OmpSCR)

Program:       /home/yg31/working-dir/romp/tests/OmpSCR_v2.0/bin/cpp_qsomp1.par
Description:   QuickSort

Argument Number of integer to sort: 10000
Argument Number of threads: 72
Argument SwitchThresh: 100
Argument NUMTHREADS 72

Running ...


Success, wall-clock time: 0.013239

0.: gSW: 5
1.: gSW: 0
2.: gSW: 3
3.: gSW: 5
4.: gSW: 0
5.: gSW: 6
6.: gSW: 4
7.: gSW: 0
8.: gSW: 0
9.: gSW: 4
10.: gSW: 6
11.: gSW: 3
12.: gSW: 5
13.: gSW: 0
14.: gSW: 0
15.: gSW: 1
16.: gSW: 0
17.: gSW: 0
18.: gSW: 0
19.: gSW: 5
20.: gSW: 8
21.: gSW: 5
22.: gSW: 4
23.: gSW: 2
24.: gSW: 0
25.: gSW: 6
26.: gSW: 3
27.: gSW: 0
28.: gSW: 1
29.: gSW: 0
30.: gSW: 2
31.: gSW: 0
32.: gSW: 5
33.: gSW: 7
34.: gSW: 0
35.: gSW: 6
36.: gSW: 8
37.: gSW: 6
38.: gSW: 6
39.: gSW: 5
40.: gSW: 6
41.: gSW: 1
42.: gSW: 2
43.: gSW: 0
44.: gSW: 2
45.: gSW: 0
46.: gSW: 5
47.: gSW: 2
48.: gSW: 4
49.: gSW: 2
50.: gSW: 2
51.: gSW: 2
52.: gSW: 6
53.: gSW: 2
54.: gSW: 3
55.: gSW: 7
56.: gSW: 0
57.: gSW: 0
58.: gSW: 2
59.: gSW: 3
60.: gSW: 0
61.: gSW: 7
62.: gSW: 0
63.: gSW: 1
64.: gSW: 2
65.: gSW: 5
66.: gSW: 3
67.: gSW: 3
68.: gSW: 0
69.: gSW: 2
70.: gSW: 3
71.: gSW: 4

Total: gSW: 202

Timer Total_time     0.013239

Memory Usage: 25088 Time: 0:00.02
