
This program is part of the OpenMP Source Code Repository (OmpSCR)

Program:       /home/yg31/working-dir/romp/tests/OmpSCR_v2.0/bin/c_loopB.badSolution1.par
Description:   Sinthetic loops experiment.

Argument size 100
Argument numiter 10
Argument NUMTHREADS 32

Running ...

Timer EXE_TIME     0.007589

Memory Usage: 11760 Time: 0:00.01
