WARNING: Logging before InitGoogleLogging() is written to STDERR
I0419 05:34:08.183619  8458 RompLib.cpp:126] ompt_start_tool on executable: /home/yg31/working-dir/romp/tests/OmpSCR_v2.0/bin/cpp_qsomp7.par.inst
I0419 05:34:08.186959  8458 Initialize.h:51] start initializing ompt
I0419 05:34:08.186983  8458 Initialize.h:89] ompt intialized
I0419 05:34:11.606669  8458 Initialize.h:94] finalizing ompt
I0419 05:34:11.606701  8458 Initialize.h:96] data race found:
&myVec: 0x7ffc89ce1a90
registering callback: 'ompt_callback_mutex_acquired'
registering callback: 'ompt_callback_mutex_released'
registering callback: 'ompt_callback_reduction'
registering callback: 'ompt_callback_implicit_task'
registering callback: 'ompt_callback_sync_region'
registering callback: 'ompt_callback_work'
registering callback: 'ompt_callback_parallel_begin'
registering callback: 'ompt_callback_parallel_end'
registering callback: 'ompt_callback_task_create'
registering callback: 'ompt_callback_task_schedule'
registering callback: 'ompt_callback_dependences'
registering callback: 'ompt_callback_thread_begin'
registering callback: 'ompt_callback_thread_end'
registering callback: 'ompt_callback_dispatch'

This program is part of the OpenMP Source Code Repository (OmpSCR)

Program:       /home/yg31/working-dir/romp/tests/OmpSCR_v2.0/bin/cpp_qsomp7.par.inst
Description:   QuickSort

Argument Number of integer to sort: 10000
Argument Number of threads: 72
Argument SwitchThresh: 100
Argument NUMTHREADS 2

Running ...

vector buffer: 0xa83a70

Success, wall-clock time: 3.40433

Timer Total_time     3.404328

Memory Usage: 122964 Time: 0:03.45
