
This program is part of the OpenMP Source Code Repository (OmpSCR)

Program:       /home/yg31/working-dir/romp/tests/OmpSCR_v2.0/bin/cpp_qsomp1.par
Description:   QuickSort

Argument Number of integer to sort: 10000
Argument Number of threads: 72
Argument SwitchThresh: 100
Argument NUMTHREADS 2

Running ...


Success, wall-clock time: 0.055431

0.: gSW: 9
1.: gSW: 2
2.: gSW: 4
3.: gSW: 4
4.: gSW: 5
5.: gSW: 6
6.: gSW: 0
7.: gSW: 3
8.: gSW: 9
9.: gSW: 3
10.: gSW: 2
11.: gSW: 4
12.: gSW: 0
13.: gSW: 4
14.: gSW: 4
15.: gSW: 0
16.: gSW: 6
17.: gSW: 0
18.: gSW: 0
19.: gSW: 4
20.: gSW: 8
21.: gSW: 3
22.: gSW: 0
23.: gSW: 0
24.: gSW: 4
25.: gSW: 4
26.: gSW: 4
27.: gSW: 4
28.: gSW: 6
29.: gSW: 3
30.: gSW: 5
31.: gSW: 3
32.: gSW: 7
33.: gSW: 4
34.: gSW: 5
35.: gSW: 0
36.: gSW: 0
37.: gSW: 4
38.: gSW: 4
39.: gSW: 0
40.: gSW: 0
41.: gSW: 4
42.: gSW: 4
43.: gSW: 2
44.: gSW: 0
45.: gSW: 3
46.: gSW: 4
47.: gSW: 0
48.: gSW: 7
49.: gSW: 3
50.: gSW: 0
51.: gSW: 0
52.: gSW: 0
53.: gSW: 4
54.: gSW: 0
55.: gSW: 0
56.: gSW: 0
57.: gSW: 6
58.: gSW: 4
59.: gSW: 4
60.: gSW: 5
61.: gSW: 0
62.: gSW: 0
63.: gSW: 1
64.: gSW: 5
65.: gSW: 0
66.: gSW: 5
67.: gSW: 0
68.: gSW: 0
69.: gSW: 4
70.: gSW: 0
71.: gSW: 0

Total: gSW: 202

Timer Total_time     0.055431

Memory Usage: 24948 Time: 0:00.06
