&myVec: 0x7ffe03d35b20

This program is part of the OpenMP Source Code Repository (OmpSCR)

Program:       /home/yg31/working-dir/romp/tests/OmpSCR_v2.0/bin/cpp_qsomp7.par
Description:   QuickSort

Argument Number of integer to sort: 10000
Argument Number of threads: 72
Argument SwitchThresh: 100
Argument NUMTHREADS 2

Running ...

vector buffer: 0x932c70

Success, wall-clock time: 0.012199

Timer Total_time     0.012199

Memory Usage: 25920 Time: 0:00.02
