

 NAS Parallel Benchmarks (NPB3.4-OMP) - CG Benchmark

 Size:        1400
 Iterations:                     15
 Number of available threads:    72

 Initialization time =           0.085 seconds

   iteration           ||r||                 zeta
        1       0.13693695294230E-12     9.9986441579140
        2       0.21462885046965E-14     8.5733279203222
        3       0.22248987145008E-14     8.5954510374058
        4       0.19590513378224E-14     8.5969972340738
        5       0.19857538896813E-14     8.5971549151767
        6       0.19139882835215E-14     8.5971744311608
        7       0.20167163853179E-14     8.5971770704913
        8       0.19933978978187E-14     8.5971774440630
        9       0.21612581858995E-14     8.5971774983942
       10       0.18878107990361E-14     8.5971775064409
       11       0.18204660979500E-14     8.5971775076486
       12       0.18624172138704E-14     8.5971775078318
       13       0.18715921886143E-14     8.5971775078598
       14       0.18495911776312E-14     8.5971775078641
       15       0.18675245486928E-14     8.5971775078648
 Benchmark completed 
 VERIFICATION SUCCESSFUL 
 Zeta is     0.8597177507865E+01
 Error is    0.1239725599088E-14


 CG Benchmark Completed.
 Class           =                        S
 Size            =                     1400
 Iterations      =                       15
 Time in seconds =                     0.36
 Total threads   =                       72
 Avail threads   =                       72
 Mop/s total     =                   187.17
 Mop/s/thread    =                     2.60
 Operation type  =           floating point
 Verification    =               SUCCESSFUL
 Version         =                    3.4.2
 Compile date    =              21 Apr 2022

 Compile options:
    FC           = gfortran
    FLINK        = $(FC)
    F_LIB        = (none)
    F_INC        = (none)
    FFLAGS       = -O3 -fopenmp
    FLINKFLAGS   = $(FFLAGS)
    RAND         = randi8


 Please send all errors/feedbacks to:

 NPB Development Team
 npb@nas.nasa.gov


Memory Usage: 25280 Time: 0:00.44
