WARNING: Logging before InitGoogleLogging() is written to STDERR
I0418 08:49:21.403766 36858 RompLib.cpp:126] ompt_start_tool on executable: /home/yg31/working-dir/romp/tests/OmpSCR_v2.0/bin/cpp_qsomp3.par.inst
I0418 08:49:21.407059 36858 Initialize.h:51] start initializing ompt
I0418 08:49:21.407089 36858 Initialize.h:89] ompt intialized
registering callback: 'ompt_callback_mutex_acquired'
registering callback: 'ompt_callback_mutex_released'
registering callback: 'ompt_callback_reduction'
registering callback: 'ompt_callback_implicit_task'
registering callback: 'ompt_callback_sync_region'
registering callback: 'ompt_callback_work'
registering callback: 'ompt_callback_parallel_begin'
registering callback: 'ompt_callback_parallel_end'
registering callback: 'ompt_callback_task_create'
registering callback: 'ompt_callback_task_schedule'
registering callback: 'ompt_callback_dependences'
registering callback: 'ompt_callback_thread_begin'
registering callback: 'ompt_callback_thread_end'
registering callback: 'ompt_callback_dispatch'

This program is part of the OpenMP Source Code Repository (OmpSCR)

Program:       /home/yg31/working-dir/romp/tests/OmpSCR_v2.0/bin/cpp_qsomp3.par.inst
Description:   QuickSort

Argument Number of integer to sort: 10000
Argument Number of threads: 72
Argument SwitchThresh: 100
Argument NUMTHREADS 72

Running ...


Success, wall-clock time: 0.600171

0.: gSW: 5 gSR: 4 lSO: 0
1.: gSW: 0 gSR: 0 lSO: 0
2.: gSW: 3 gSR: 1 lSO: 0
3.: gSW: 4 gSR: 2 lSO: 0
4.: gSW: 1 gSR: 0 lSO: 0
5.: gSW: 3 gSR: 1 lSO: 0
6.: gSW: 4 gSR: 2 lSO: 0
7.: gSW: 2 gSR: 1 lSO: 0
8.: gSW: 1 gSR: 0 lSO: 0
9.: gSW: 1 gSR: 0 lSO: 0
10.: gSW: 6 gSR: 4 lSO: 0
11.: gSW: 1 gSR: 0 lSO: 0
12.: gSW: 4 gSR: 2 lSO: 0
13.: gSW: 1 gSR: 0 lSO: 0
14.: gSW: 3 gSR: 1 lSO: 0
15.: gSW: 4 gSR: 2 lSO: 0
16.: gSW: 4 gSR: 2 lSO: 0
17.: gSW: 0 gSR: 0 lSO: 0
18.: gSW: 2 gSR: 1 lSO: 0
19.: gSW: 4 gSR: 2 lSO: 0
20.: gSW: 0 gSR: 0 lSO: 0
21.: gSW: 4 gSR: 2 lSO: 0
22.: gSW: 5 gSR: 3 lSO: 0
23.: gSW: 5 gSR: 3 lSO: 0
24.: gSW: 4 gSR: 2 lSO: 0
25.: gSW: 2 gSR: 1 lSO: 0
26.: gSW: 2 gSR: 1 lSO: 0
27.: gSW: 8 gSR: 5 lSO: 0
28.: gSW: 3 gSR: 2 lSO: 0
29.: gSW: 5 gSR: 3 lSO: 0
30.: gSW: 2 gSR: 1 lSO: 0
31.: gSW: 2 gSR: 1 lSO: 0
32.: gSW: 2 gSR: 0 lSO: 0
33.: gSW: 3 gSR: 1 lSO: 0
34.: gSW: 0 gSR: 0 lSO: 0
35.: gSW: 6 gSR: 3 lSO: 0
36.: gSW: 0 gSR: 0 lSO: 0
37.: gSW: 9 gSR: 7 lSO: 0
38.: gSW: 0 gSR: 0 lSO: 0
39.: gSW: 1 gSR: 0 lSO: 0
40.: gSW: 0 gSR: 0 lSO: 0
41.: gSW: 3 gSR: 1 lSO: 0
42.: gSW: 2 gSR: 1 lSO: 0
43.: gSW: 3 gSR: 2 lSO: 0
44.: gSW: 2 gSR: 0 lSO: 0
45.: gSW: 2 gSR: 0 lSO: 0
46.: gSW: 5 gSR: 2 lSO: 0
47.: gSW: 1 gSR: 0 lSO: 0
48.: gSW: 1 gSR: 0 lSO: 0
49.: gSW: 4 gSR: 2 lSO: 0
50.: gSW: 3 gSR: 1 lSO: 0
51.: gSW: 5 gSR: 4 lSO: 0
52.: gSW: 2 gSR: 0 lSO: 0
53.: gSW: 4 gSR: 3 lSO: 0
54.: gSW: 0 gSR: 0 lSO: 0
55.: gSW: 1 gSR: 0 lSO: 0
56.: gSW: 2 gSR: 1 lSO: 0
57.: gSW: 0 gSR: 0 lSO: 0
58.: gSW: 2 gSR: 1 lSO: 0
59.: gSW: 3 gSR: 1 lSO: 0
60.: gSW: 2 gSR: 1 lSO: 0
61.: gSW: 3 gSR: 1 lSO: 0
62.: gSW: 7 gSR: 5 lSO: 0
63.: gSW: 0 gSR: 0 lSO: 0
64.: gSW: 6 gSR: 3 lSO: 0
65.: gSW: 4 gSR: 2 lSO: 0
66.: gSW: 2 gSR: 1 lSO: 0
67.: gSW: 5 gSR: 3 lSO: 0
68.: gSW: 0 gSR: 0 lSO: 0
69.: gSW: 5 gSR: 2 lSO: 0
70.: gSW: 5 gSR: 3 lSO: 0
71.: gSW: 2 gSR: 1 lSO: 0

I0418 08:49:22.021986 36858 Initialize.h:94] finalizing ompt
I0418 08:49:22.022011 36858 Initialize.h:96] data race found:
Total: gSW: 202 gSR: 101 lSO: 0

Timer Total_time     0.600171

Memory Usage: 215912 Time: 0:00.64
