WARNING: Logging before InitGoogleLogging() is written to STDERR
I0419 05:41:32.073140 12042 RompLib.cpp:126] ompt_start_tool on executable: /home/yg31/working-dir/romp/tests/OmpSCR_v2.0/bin/cpp_qsomp1.par.inst
I0419 05:41:32.076462 12042 Initialize.h:51] start initializing ompt
I0419 05:41:32.076490 12042 Initialize.h:89] ompt intialized
registering callback: 'ompt_callback_mutex_acquired'
registering callback: 'ompt_callback_mutex_released'
registering callback: 'ompt_callback_reduction'
registering callback: 'ompt_callback_implicit_task'
registering callback: 'ompt_callback_sync_region'
registering callback: 'ompt_callback_work'
registering callback: 'ompt_callback_parallel_begin'
registering callback: 'ompt_callback_parallel_end'
registering callback: 'ompt_callback_task_create'
registering callback: 'ompt_callback_task_schedule'
registering callback: 'ompt_callback_dependences'
registering callback: 'ompt_callback_thread_begin'
registering callback: 'ompt_callback_thread_end'
registering callback: 'ompt_callback_dispatch'

This program is part of the OpenMP Source Code Repository (OmpSCR)

Program:       /home/yg31/working-dir/romp/tests/OmpSCR_v2.0/bin/cpp_qsomp1.par.inst
Description:   QuickSort

Argument Number of integer to sort: 10000
Argument Number of threads: 72
Argument SwitchThresh: 100
Argument NUMTHREADS 2

Running ...


Success, wall-clock time: 0.71579

0.: gSW: 8
1.: gSW: 6
2.: gSW: 2
3.: gSW: 0
4.: gSW: 0
5.: gSW: 6
6.: gSW: 0
7.: gSW: 11
8.: gSW: 0
9.: gSW: 3
10.: gSW: 0
11.: gSW: 7
12.: gSW: 3
13.: gSW: 1
14.: gSW: 3
15.: gSW: 1
16.: gSW: 7
17.: gSW: 4
18.: gSW: 5
19.: gSW: 0
20.: gSW: 8
21.: gSW: 4
22.: gSW: 2
23.: gSW: 4
24.: gSW: 9
25.: gSW: 1
26.: gSW: 0
27.: gSW: 1
28.: gSW: 2
29.: gSW: 0
30.: gSW: 2
31.: gSW: 1
32.: gSW: 2
33.: gSW: 7
34.: gSW: 0
35.: gSW: 1
36.: gSW: 7
37.: gSW: 4
38.: gSW: 2
39.: gSW: 0
40.: gSW: 11
41.: gSW: 6
42.: gSW: 2
43.: gSW: 4
44.: gSW: 4
45.: gSW: 0
46.: gSW: 2
47.: gSW: 2
48.: gSW: 1
49.: gSW: 1
50.: gSW: 2
51.: gSW: 1
52.: gSW: 0
53.: gSW: 4
54.: gSW: 3
55.: gSW: 0
56.: gSW: 1
57.: gSW: 2
58.: gSW: 0
59.: gSW: 5
60.: gSW: 1
61.: gSW: 5
62.: gSW: 1
63.: gSW: 1
64.: gSW: 0
65.: gSW: 0
66.: gSW: 0
67.: gSW: 0
68.: gSW: 9
69.: gSW: 5
70.: gSW: 2
71.: gSW: 3

I0419 05:41:32.807451 12042 Initialize.h:94] finalizing ompt
I0419 05:41:32.807472 12042 Initialize.h:96] data race found:
Total: gSW: 202

Timer Total_time     0.715790

Memory Usage: 133760 Time: 0:00.75
