WARNING: Logging before InitGoogleLogging() is written to STDERR
I0421 11:19:32.136569  8944 RompLib.cpp:107] ompt_start_tool on executable: /home/yg31/working-dir/romp/tests/OmpSCR_v2.0/bin/c_pi.par.inst
I0421 11:19:32.139685  8944 Initialize.h:51] start initializing ompt
I0421 11:19:32.139712  8944 Initialize.h:89] ompt intialized
I0421 11:19:32.238667  8944 Initialize.h:94] finalizing ompt
I0421 11:19:32.238701  8944 Initialize.h:96] data race found:
registering callback: 'ompt_callback_mutex_acquired'
registering callback: 'ompt_callback_mutex_released'
registering callback: 'ompt_callback_reduction'
registering callback: 'ompt_callback_implicit_task'
registering callback: 'ompt_callback_sync_region'
registering callback: 'ompt_callback_work'
registering callback: 'ompt_callback_parallel_begin'
registering callback: 'ompt_callback_parallel_end'
registering callback: 'ompt_callback_task_create'
registering callback: 'ompt_callback_task_schedule'
registering callback: 'ompt_callback_dependences'
registering callback: 'ompt_callback_thread_begin'
registering callback: 'ompt_callback_thread_end'
registering callback: 'ompt_callback_dispatch'

This program is part of the OpenMP Source Code Repository (OmpSCR)

Program:       /home/yg31/working-dir/romp/tests/OmpSCR_v2.0/bin/c_pi.par.inst
Description:   Pi generator

Argument Precision 1000
Argument NUMTHREADS 72

Running ...

Timer Total_time     0.090411


 	# THREADS INTERVAL 	TIME (secs.) 	PI 			ERROR
	 72 	      1000 	      0.090411 	3.14159273692312668302	-8.33333e-08
Memory Usage: 375140 Time: 0:00.13
