WARNING: Logging before InitGoogleLogging() is written to STDERR
I0416 12:28:32.881347 50908 RompLib.cpp:126] ompt_start_tool on executable: /home/yg31/working-dir/romp/tests/OmpSCR_v2.0/bin/c_lu.par.inst
I0416 12:28:32.884541 50908 Initialize.h:51] start initializing ompt
I0416 12:28:32.884569 50908 Initialize.h:89] ompt intialized
I0416 12:28:36.728538 50908 Initialize.h:94] finalizing ompt
I0416 12:28:36.728582 50908 Initialize.h:103] data race not found
registering callback: 'ompt_callback_mutex_acquired'
registering callback: 'ompt_callback_mutex_released'
registering callback: 'ompt_callback_reduction'
registering callback: 'ompt_callback_implicit_task'
registering callback: 'ompt_callback_sync_region'
registering callback: 'ompt_callback_work'
registering callback: 'ompt_callback_parallel_begin'
registering callback: 'ompt_callback_parallel_end'
registering callback: 'ompt_callback_task_create'
registering callback: 'ompt_callback_task_schedule'
registering callback: 'ompt_callback_dependences'
registering callback: 'ompt_callback_thread_begin'
registering callback: 'ompt_callback_thread_end'
registering callback: 'ompt_callback_dispatch'

This program is part of the OpenMP Source Code Repository (OmpSCR)

Program:       /home/yg31/working-dir/romp/tests/OmpSCR_v2.0/bin/c_lu.par.inst
Description:   LU reduction of a dense matrix.

Argument size 100
Argument NUMTHREADS 72

Running ...

Timer EXE_TIME     3.833954

Memory Usage: 368064 Time: 0:03.89
