WARNING: Logging before InitGoogleLogging() is written to STDERR
I0419 08:32:43.559971 25821 RompLib.cpp:107] ompt_start_tool on executable: /home/yg31/working-dir/romp/tests/OmpSCR_v2.0/bin/c_loopA.solution2.par.inst
I0419 08:32:43.562788 25821 Initialize.h:51] start initializing ompt
I0419 08:32:43.562813 25821 Initialize.h:89] ompt intialized
I0419 08:32:43.629884 25821 Initialize.h:94] finalizing ompt
I0419 08:32:43.629923 25821 Initialize.h:103] data race not found
registering callback: 'ompt_callback_mutex_acquired'
registering callback: 'ompt_callback_mutex_released'
registering callback: 'ompt_callback_reduction'
registering callback: 'ompt_callback_implicit_task'
registering callback: 'ompt_callback_sync_region'
registering callback: 'ompt_callback_work'
registering callback: 'ompt_callback_parallel_begin'
registering callback: 'ompt_callback_parallel_end'
registering callback: 'ompt_callback_task_create'
registering callback: 'ompt_callback_task_schedule'
registering callback: 'ompt_callback_dependences'
registering callback: 'ompt_callback_thread_begin'
registering callback: 'ompt_callback_thread_end'
registering callback: 'ompt_callback_dispatch'

This program is part of the OpenMP Source Code Repository (OmpSCR)

Program:       /home/yg31/working-dir/romp/tests/OmpSCR_v2.0/bin/c_loopA.solution2.par.inst
Description:   Sinthetic loops experiment.

Argument size 100
Argument numiter 10
Argument NUMTHREADS 64

Running ...

Timer EXE_TIME     0.058614

Memory Usage: 400164 Time: 0:00.09
